2026-09-22 05:33:44 INFO  (LoggingInitialization) Using log config file: jar:file:/C:/Users/s_sme/Documents/ghidra_12.1_PUBLIC_20260513/ghidra_12.1_PUBLIC/Ghidra/Framework/Generic/lib/Generic.jar!/generic.log4j.xml  
2026-09-22 05:33:44 INFO  (LoggingInitialization) Using log file: C:\Users\s_sme\Documents\Projects\vision_3d_skips\maps\rev2a_mfc140_config.log  
2026-09-22 05:33:44 DEBUG (GhidraObjectInputFilter) Including serial input filter: FileSystem/data/client.rmi.serial.filter  
2026-09-22 05:33:44 INFO  (Preferences) Loading user preferences: C:\Users\s_sme\AppData\Roaming\ghidra\ghidra_12.1_PUBLIC\preferences  
2026-09-22 05:33:44 INFO  (ClassSearcher) Searching for classes...  
2026-09-22 05:33:45 INFO  (ClassSearcher) Class search complete (1179 ms)  
2026-09-22 05:33:45 INFO  (DefaultSSLContextInitializer) Initializing SSL Context  
2026-09-22 05:33:45 INFO  (SecureRandomFactory) Initializing Random Number Generator...  
2026-09-22 05:33:45 INFO  (SecureRandomFactory) Random Number Generator initialization complete: SHA1PRNG  
2026-09-22 05:33:45 INFO  (DefaultTrustManagerFactory) Trust manager disabled, cacerts have not been set  
2026-09-22 05:33:46 INFO  (AnalyzeHeadless) Headless startup complete (2833 ms)  
2026-09-22 05:33:46 INFO  (ClassSearcher) Class searcher loaded 59 extension points (20 false positives)  
2026-09-22 05:33:46 INFO  (HeadlessAnalyzer) HEADLESS Script Paths:
    C:\Users\s_sme\Documents\Projects\vision_3d_skips\tools\ghidra_scripts
    C:\Users\s_sme\Documents\ghidra_12.1_PUBLIC_20260513\ghidra_12.1_PUBLIC\Ghidra\Features\PyGhidra\ghidra_scripts
    C:\Users\s_sme\Documents\ghidra_12.1_PUBLIC_20260513\ghidra_12.1_PUBLIC\Ghidra\Features\WildcardAssembler\ghidra_scripts
    C:\Users\s_sme\Documents\ghidra_12.1_PUBLIC_20260513\ghidra_12.1_PUBLIC\Ghidra\Features\SwiftDemangler\ghidra_scripts
    C:\Users\s_sme\Documents\ghidra_12.1_PUBLIC_20260513\ghidra_12.1_PUBLIC\Ghidra\Processors\DATA\ghidra_scripts
    C:\Users\s_sme\Documents\ghidra_12.1_PUBLIC_20260513\ghidra_12.1_PUBLIC\Ghidra\Features\GnuDemangler\ghidra_scripts
    C:\Users\s_sme\Documents\ghidra_12.1_PUBLIC_20260513\ghidra_12.1_PUBLIC\Ghidra\Processors\8051\ghidra_scripts
    C:\Users\s_sme\Documents\ghidra_12.1_PUBLIC_20260513\ghidra_12.1_PUBLIC\Ghidra\Processors\Atmel\ghidra_scripts
    C:\Users\s_sme\Documents\ghidra_12.1_PUBLIC_20260513\ghidra_12.1_PUBLIC\Ghidra\Processors\JVM\ghidra_scripts
    C:\Users\s_sme\Documents\ghidra_12.1_PUBLIC_20260513\ghidra_12.1_PUBLIC\Ghidra\Features\BSim\ghidra_scripts
    C:\Users\s_sme\Documents\ghidra_12.1_PUBLIC_20260513\ghidra_12.1_PUBLIC\Ghidra\Features\FunctionID\ghidra_scripts
    C:\Users\s_sme\Documents\ghidra_12.1_PUBLIC_20260513\ghidra_12.1_PUBLIC\Ghidra\Features\SystemEmulation\ghidra_scripts
    C:\Users\s_sme\Documents\ghidra_12.1_PUBLIC_20260513\ghidra_12.1_PUBLIC\Ghidra\Features\MicrosoftCodeAnalyzer\ghidra_scripts
    C:\Users\s_sme\Documents\ghidra_12.1_PUBLIC_20260513\ghidra_12.1_PUBLIC\Ghidra\Features\FileFormats\ghidra_scripts
    C:\Users\s_sme\Documents\ghidra_12.1_PUBLIC_20260513\ghidra_12.1_PUBLIC\Ghidra\Debug\Debugger\ghidra_scripts
    C:\Users\s_sme\Documents\ghidra_12.1_PUBLIC_20260513\ghidra_12.1_PUBLIC\Ghidra\Features\PDB\ghidra_scripts
    C:\Users\s_sme\Documents\ghidra_12.1_PUBLIC_20260513\ghidra_12.1_PUBLIC\Ghidra\Features\DecompilerDependent\ghidra_scripts
    C:\Users\s_sme\Documents\ghidra_12.1_PUBLIC_20260513\ghidra_12.1_PUBLIC\Ghidra\Features\VersionTracking\ghidra_scripts
    C:\Users\s_sme\Documents\ghidra_12.1_PUBLIC_20260513\ghidra_12.1_PUBLIC\Ghidra\Debug\Debugger-rmi-trace\ghidra_scripts
    C:\Users\s_sme\Documents\ghidra_12.1_PUBLIC_20260513\ghidra_12.1_PUBLIC\Ghidra\Features\Decompiler\ghidra_scripts
    C:\Users\s_sme\Documents\ghidra_12.1_PUBLIC_20260513\ghidra_12.1_PUBLIC\Ghidra\Features\Base\ghidra_scripts
    C:\Users\s_sme\Documents\ghidra_12.1_PUBLIC_20260513\ghidra_12.1_PUBLIC\Ghidra\Features\BytePatterns\ghidra_scripts
    C:\Users\s_sme\Documents\ghidra_12.1_PUBLIC_20260513\ghidra_12.1_PUBLIC\Ghidra\Processors\PIC\ghidra_scripts  
2026-09-22 05:33:46 INFO  (HeadlessAnalyzer) HEADLESS: execution starts  
2026-09-22 05:33:46 INFO  (HeadlessAnalyzer) Opening existing project: C:\Users\s_sme\Documents\Projects\vision_3d_skips\v3d_files_uncomp\MFC140_STATION  
2026-09-22 05:33:46 INFO  (HeadlessProject) Opening project: C:\Users\s_sme\Documents\Projects\vision_3d_skips\v3d_files_uncomp\MFC140_STATION  
2026-09-22 05:33:48 INFO  (HeadlessAnalyzer) REPORT: Processing project file: /mfc140.dll  
2026-09-22 05:33:48 INFO  (HeadlessAnalyzer) REPORT: Execute script: ConfigureStationMfcAnalysis.java   
2026-09-22 05:33:50 INFO  (HeadlessAnalyzer) SCRIPT: C:\Users\s_sme\Documents\Projects\vision_3d_skips\tools\ghidra_scripts\ConfigureStationMfcAnalysis.java  
2026-09-22 05:33:50 INFO  (GhidraScript) ConfigureStationMfcAnalysis.java> MFC_OPTION ASCII Strings=true  
2026-09-22 05:33:50 INFO  (GhidraScript) ConfigureStationMfcAnalysis.java> MFC_OPTION ASCII Strings.Create Strings Containing Existing Strings=true  
2026-09-22 05:33:50 INFO  (GhidraScript) ConfigureStationMfcAnalysis.java> MFC_OPTION ASCII Strings.Create Strings Containing References=true  
2026-09-22 05:33:50 INFO  (GhidraScript) ConfigureStationMfcAnalysis.java> MFC_OPTION ASCII Strings.Force Model Reload=false  
2026-09-22 05:33:50 INFO  (GhidraScript) ConfigureStationMfcAnalysis.java> MFC_OPTION ASCII Strings.Minimum String Length=LEN_5  
2026-09-22 05:33:50 INFO  (GhidraScript) ConfigureStationMfcAnalysis.java> MFC_OPTION ASCII Strings.Model File=StringModel.sng  
2026-09-22 05:33:50 INFO  (GhidraScript) ConfigureStationMfcAnalysis.java> MFC_OPTION ASCII Strings.Require Null Termination for String=true  
2026-09-22 05:33:50 INFO  (GhidraScript) ConfigureStationMfcAnalysis.java> MFC_OPTION ASCII Strings.Search Only in Accessible Memory Blocks=true  
2026-09-22 05:33:50 INFO  (GhidraScript) ConfigureStationMfcAnalysis.java> MFC_OPTION ASCII Strings.String Start Alignment=ALIGN_1  
2026-09-22 05:33:50 INFO  (GhidraScript) ConfigureStationMfcAnalysis.java> MFC_OPTION ASCII Strings.String end alignment=4  
2026-09-22 05:33:50 INFO  (GhidraScript) ConfigureStationMfcAnalysis.java> MFC_OPTION Aggressive Instruction Finder=false  
2026-09-22 05:33:50 INFO  (GhidraScript) ConfigureStationMfcAnalysis.java> MFC_OPTION Aggressive Instruction Finder.Create Analysis Bookmarks=true  
2026-09-22 05:33:50 INFO  (GhidraScript) ConfigureStationMfcAnalysis.java> MFC_OPTION Apply Data Archives=true  
2026-09-22 05:33:50 INFO  (GhidraScript) ConfigureStationMfcAnalysis.java> MFC_OPTION Apply Data Archives.Archive Chooser=[Auto-Detect]  
2026-09-22 05:33:50 INFO  (GhidraScript) ConfigureStationMfcAnalysis.java> MFC_OPTION Apply Data Archives.Create Analysis Bookmarks=true  
2026-09-22 05:33:50 INFO  (GhidraScript) ConfigureStationMfcAnalysis.java> MFC_OPTION Apply Data Archives.User Project Archive Path=  
2026-09-22 05:33:50 INFO  (GhidraScript) ConfigureStationMfcAnalysis.java> MFC_OPTION Call Convention ID=true  
2026-09-22 05:33:50 INFO  (GhidraScript) ConfigureStationMfcAnalysis.java> MFC_OPTION Call Convention ID.Analysis Decompiler Timeout (sec)=60  
2026-09-22 05:33:50 INFO  (GhidraScript) ConfigureStationMfcAnalysis.java> MFC_OPTION Call-Fixup Installer=true  
2026-09-22 05:33:50 INFO  (GhidraScript) ConfigureStationMfcAnalysis.java> MFC_OPTION Condense Filler Bytes=false  
2026-09-22 05:33:50 INFO  (GhidraScript) ConfigureStationMfcAnalysis.java> MFC_OPTION Condense Filler Bytes.Filler Value=Auto  
2026-09-22 05:33:50 INFO  (GhidraScript) ConfigureStationMfcAnalysis.java> MFC_OPTION Condense Filler Bytes.Minimum number of sequential bytes=1  
2026-09-22 05:33:50 INFO  (GhidraScript) ConfigureStationMfcAnalysis.java> MFC_OPTION Create Address Tables=true  
2026-09-22 05:33:50 INFO  (GhidraScript) ConfigureStationMfcAnalysis.java> MFC_OPTION Create Address Tables.Allow Offcut References=false  
2026-09-22 05:33:50 INFO  (GhidraScript) ConfigureStationMfcAnalysis.java> MFC_OPTION Create Address Tables.Auto Label Table=false  
2026-09-22 05:33:50 INFO  (GhidraScript) ConfigureStationMfcAnalysis.java> MFC_OPTION Create Address Tables.Create Analysis Bookmarks=true  
2026-09-22 05:33:50 INFO  (GhidraScript) ConfigureStationMfcAnalysis.java> MFC_OPTION Create Address Tables.Maxmimum Pointer Distance=16777215  
2026-09-22 05:33:50 INFO  (GhidraScript) ConfigureStationMfcAnalysis.java> MFC_OPTION Create Address Tables.Minimum Pointer Address=4132  
2026-09-22 05:33:50 INFO  (GhidraScript) ConfigureStationMfcAnalysis.java> MFC_OPTION Create Address Tables.Minimum Table Size=2  
2026-09-22 05:33:50 INFO  (GhidraScript) ConfigureStationMfcAnalysis.java> MFC_OPTION Create Address Tables.Pointer Alignment=1  
2026-09-22 05:33:50 INFO  (GhidraScript) ConfigureStationMfcAnalysis.java> MFC_OPTION Create Address Tables.Relocation Table Guide=true  
2026-09-22 05:33:50 INFO  (GhidraScript) ConfigureStationMfcAnalysis.java> MFC_OPTION Create Address Tables.Table Alignment=4  
2026-09-22 05:33:50 INFO  (GhidraScript) ConfigureStationMfcAnalysis.java> MFC_OPTION Data Reference=true  
2026-09-22 05:33:50 INFO  (GhidraScript) ConfigureStationMfcAnalysis.java> MFC_OPTION Data Reference.Address Table Alignment=1  
2026-09-22 05:33:50 INFO  (GhidraScript) ConfigureStationMfcAnalysis.java> MFC_OPTION Data Reference.Address Table Minimum Size=2  
2026-09-22 05:33:50 INFO  (GhidraScript) ConfigureStationMfcAnalysis.java> MFC_OPTION Data Reference.Align End of Strings=false  
2026-09-22 05:33:50 INFO  (GhidraScript) ConfigureStationMfcAnalysis.java> MFC_OPTION Data Reference.Ascii String References=true  
2026-09-22 05:33:50 INFO  (GhidraScript) ConfigureStationMfcAnalysis.java> MFC_OPTION Data Reference.Create Address Tables=true  
2026-09-22 05:33:50 INFO  (GhidraScript) ConfigureStationMfcAnalysis.java> MFC_OPTION Data Reference.Minimum String Length=5  
2026-09-22 05:33:50 INFO  (GhidraScript) ConfigureStationMfcAnalysis.java> MFC_OPTION Data Reference.References to Pointers=true  
2026-09-22 05:33:50 INFO  (GhidraScript) ConfigureStationMfcAnalysis.java> MFC_OPTION Data Reference.Relocation Table Guide=true  
2026-09-22 05:33:50 INFO  (GhidraScript) ConfigureStationMfcAnalysis.java> MFC_OPTION Data Reference.Respect Execute Flag=true  
2026-09-22 05:33:50 INFO  (GhidraScript) ConfigureStationMfcAnalysis.java> MFC_OPTION Data Reference.Subroutine References=true  
2026-09-22 05:33:50 INFO  (GhidraScript) ConfigureStationMfcAnalysis.java> MFC_OPTION Data Reference.Switch Table References=false  
2026-09-22 05:33:50 INFO  (GhidraScript) ConfigureStationMfcAnalysis.java> MFC_OPTION Data Reference.Unicode String References=true  
2026-09-22 05:33:50 INFO  (GhidraScript) ConfigureStationMfcAnalysis.java> MFC_OPTION Decompiler Parameter ID=false  
2026-09-22 05:33:50 INFO  (GhidraScript) ConfigureStationMfcAnalysis.java> MFC_OPTION Decompiler Parameter ID.Analysis Clear Level=ANALYSIS  
2026-09-22 05:33:50 INFO  (GhidraScript) ConfigureStationMfcAnalysis.java> MFC_OPTION Decompiler Parameter ID.Analysis Decompiler Timeout (sec)=60  
2026-09-22 05:33:50 INFO  (GhidraScript) ConfigureStationMfcAnalysis.java> MFC_OPTION Decompiler Parameter ID.Commit Data Types=true  
2026-09-22 05:33:50 INFO  (GhidraScript) ConfigureStationMfcAnalysis.java> MFC_OPTION Decompiler Parameter ID.Commit Void Return Values=false  
2026-09-22 05:33:50 INFO  (GhidraScript) ConfigureStationMfcAnalysis.java> MFC_OPTION Decompiler Parameter ID.Prototype Evaluation=__fastcall  
2026-09-22 05:33:50 INFO  (GhidraScript) ConfigureStationMfcAnalysis.java> MFC_OPTION Decompiler Switch Analysis=true  
2026-09-22 05:33:50 INFO  (GhidraScript) ConfigureStationMfcAnalysis.java> MFC_OPTION Decompiler Switch Analysis.Analysis Decompiler Timeout (sec)=60  
2026-09-22 05:33:50 INFO  (GhidraScript) ConfigureStationMfcAnalysis.java> MFC_OPTION Demangler Microsoft=true  
2026-09-22 05:33:50 INFO  (GhidraScript) ConfigureStationMfcAnalysis.java> MFC_OPTION Disassemble Entry Points=true  
2026-09-22 05:33:50 INFO  (GhidraScript) ConfigureStationMfcAnalysis.java> MFC_OPTION Disassemble Entry Points.Respect Execute Flag=true  
2026-09-22 05:33:50 INFO  (GhidraScript) ConfigureStationMfcAnalysis.java> MFC_OPTION Embedded Media=true  
2026-09-22 05:33:50 INFO  (GhidraScript) ConfigureStationMfcAnalysis.java> MFC_OPTION Embedded Media.Create Analysis Bookmarks=true  
2026-09-22 05:33:50 INFO  (GhidraScript) ConfigureStationMfcAnalysis.java> MFC_OPTION External Entry References=true  
2026-09-22 05:33:50 INFO  (GhidraScript) ConfigureStationMfcAnalysis.java> MFC_OPTION Function ID=false  
2026-09-22 05:33:50 INFO  (GhidraScript) ConfigureStationMfcAnalysis.java> MFC_OPTION Function ID.Always Apply FID Labels=false  
2026-09-22 05:33:50 INFO  (GhidraScript) ConfigureStationMfcAnalysis.java> MFC_OPTION Function ID.Create Analysis Bookmarks=true  
2026-09-22 05:33:50 INFO  (GhidraScript) ConfigureStationMfcAnalysis.java> MFC_OPTION Function ID.Instruction Count Threshold=14.6  
2026-09-22 05:33:50 INFO  (GhidraScript) ConfigureStationMfcAnalysis.java> MFC_OPTION Function ID.Multiple Match Threshold=30.0  
2026-09-22 05:33:50 INFO  (GhidraScript) ConfigureStationMfcAnalysis.java> MFC_OPTION Function Start Search=true  
2026-09-22 05:33:50 INFO  (GhidraScript) ConfigureStationMfcAnalysis.java> MFC_OPTION Function Start Search.Bookmark Functions=false  
2026-09-22 05:33:50 INFO  (GhidraScript) ConfigureStationMfcAnalysis.java> MFC_OPTION Function Start Search.Search Data Blocks=false  
2026-09-22 05:33:50 INFO  (GhidraScript) ConfigureStationMfcAnalysis.java> MFC_OPTION Non-Returning Functions - Discovered=true  
2026-09-22 05:33:50 INFO  (GhidraScript) ConfigureStationMfcAnalysis.java> MFC_OPTION Non-Returning Functions - Discovered.Create Analysis Bookmarks=true  
2026-09-22 05:33:50 INFO  (GhidraScript) ConfigureStationMfcAnalysis.java> MFC_OPTION Non-Returning Functions - Discovered.Function Non-return Threshold=3  
2026-09-22 05:33:50 INFO  (GhidraScript) ConfigureStationMfcAnalysis.java> MFC_OPTION Non-Returning Functions - Discovered.Repair Flow Damage=true  
2026-09-22 05:33:50 INFO  (GhidraScript) ConfigureStationMfcAnalysis.java> MFC_OPTION Non-Returning Functions - Known=true  
2026-09-22 05:33:50 INFO  (GhidraScript) ConfigureStationMfcAnalysis.java> MFC_OPTION Non-Returning Functions - Known.Create Analysis Bookmarks=true  
2026-09-22 05:33:50 INFO  (GhidraScript) ConfigureStationMfcAnalysis.java> MFC_OPTION PDB MSDIA=false  
2026-09-22 05:33:50 INFO  (GhidraScript) ConfigureStationMfcAnalysis.java> MFC_OPTION PDB MSDIA.Search untrusted symbol servers=false  
2026-09-22 05:33:50 INFO  (GhidraScript) ConfigureStationMfcAnalysis.java> MFC_OPTION PDB Universal=false  
2026-09-22 05:33:50 INFO  (GhidraScript) ConfigureStationMfcAnalysis.java> MFC_OPTION PDB Universal.Import Source Line Info=false  
2026-09-22 05:33:50 INFO  (GhidraScript) ConfigureStationMfcAnalysis.java> MFC_OPTION PDB Universal.Search untrusted symbol servers=false  
2026-09-22 05:33:50 INFO  (GhidraScript) ConfigureStationMfcAnalysis.java> MFC_OPTION Reference=true  
2026-09-22 05:33:50 INFO  (GhidraScript) ConfigureStationMfcAnalysis.java> MFC_OPTION Reference.Address Table Alignment=1  
2026-09-22 05:33:50 INFO  (GhidraScript) ConfigureStationMfcAnalysis.java> MFC_OPTION Reference.Address Table Minimum Size=2  
2026-09-22 05:33:50 INFO  (GhidraScript) ConfigureStationMfcAnalysis.java> MFC_OPTION Reference.Align End of Strings=false  
2026-09-22 05:33:50 INFO  (GhidraScript) ConfigureStationMfcAnalysis.java> MFC_OPTION Reference.Ascii String References=true  
2026-09-22 05:33:50 INFO  (GhidraScript) ConfigureStationMfcAnalysis.java> MFC_OPTION Reference.Create Address Tables=true  
2026-09-22 05:33:50 INFO  (GhidraScript) ConfigureStationMfcAnalysis.java> MFC_OPTION Reference.Minimum String Length=5  
2026-09-22 05:33:50 INFO  (GhidraScript) ConfigureStationMfcAnalysis.java> MFC_OPTION Reference.References to Pointers=true  
2026-09-22 05:33:50 INFO  (GhidraScript) ConfigureStationMfcAnalysis.java> MFC_OPTION Reference.Relocation Table Guide=true  
2026-09-22 05:33:50 INFO  (GhidraScript) ConfigureStationMfcAnalysis.java> MFC_OPTION Reference.Respect Execute Flag=true  
2026-09-22 05:33:50 INFO  (GhidraScript) ConfigureStationMfcAnalysis.java> MFC_OPTION Reference.Subroutine References=true  
2026-09-22 05:33:50 INFO  (GhidraScript) ConfigureStationMfcAnalysis.java> MFC_OPTION Reference.Switch Table References=false  
2026-09-22 05:33:50 INFO  (GhidraScript) ConfigureStationMfcAnalysis.java> MFC_OPTION Reference.Unicode String References=true  
2026-09-22 05:33:50 INFO  (GhidraScript) ConfigureStationMfcAnalysis.java> MFC_OPTION Scalar Operand References=true  
2026-09-22 05:33:50 INFO  (GhidraScript) ConfigureStationMfcAnalysis.java> MFC_OPTION Scalar Operand References.Relocation Table Guide=true  
2026-09-22 05:33:50 INFO  (GhidraScript) ConfigureStationMfcAnalysis.java> MFC_OPTION Shared Return Calls=true  
2026-09-22 05:33:50 INFO  (GhidraScript) ConfigureStationMfcAnalysis.java> MFC_OPTION Shared Return Calls.Allow Conditional Jumps=false  
2026-09-22 05:33:50 INFO  (GhidraScript) ConfigureStationMfcAnalysis.java> MFC_OPTION Shared Return Calls.Assume Contiguous Functions Only=true  
2026-09-22 05:33:50 INFO  (GhidraScript) ConfigureStationMfcAnalysis.java> MFC_OPTION Stack=true  
2026-09-22 05:33:50 INFO  (GhidraScript) ConfigureStationMfcAnalysis.java> MFC_OPTION Stack.Create Local Variables=true  
2026-09-22 05:33:50 INFO  (GhidraScript) ConfigureStationMfcAnalysis.java> MFC_OPTION Stack.Create Param Variables=false  
2026-09-22 05:33:50 INFO  (GhidraScript) ConfigureStationMfcAnalysis.java> MFC_OPTION Stack.Max Threads=2  
2026-09-22 05:33:50 INFO  (GhidraScript) ConfigureStationMfcAnalysis.java> MFC_OPTION Subroutine References=true  
2026-09-22 05:33:50 INFO  (GhidraScript) ConfigureStationMfcAnalysis.java> MFC_OPTION Subroutine References.Create Thunks Early=true  
2026-09-22 05:33:50 INFO  (GhidraScript) ConfigureStationMfcAnalysis.java> MFC_OPTION Variadic Function Signature Override=false  
2026-09-22 05:33:50 INFO  (GhidraScript) ConfigureStationMfcAnalysis.java> MFC_OPTION Variadic Function Signature Override.Create Analysis Bookmarks=false  
2026-09-22 05:33:50 INFO  (GhidraScript) ConfigureStationMfcAnalysis.java> MFC_OPTION Windows x86 PE Exception Handling=true  
2026-09-22 05:33:50 INFO  (GhidraScript) ConfigureStationMfcAnalysis.java> MFC_OPTION Windows x86 PE RTTI Analyzer=true  
2026-09-22 05:33:50 INFO  (GhidraScript) ConfigureStationMfcAnalysis.java> MFC_OPTION Windows x86 Thread Environment Block (TEB) Analyzer=true  
2026-09-22 05:33:50 INFO  (GhidraScript) ConfigureStationMfcAnalysis.java> MFC_OPTION Windows x86 Thread Environment Block (TEB) Analyzer.Starting Address of the TEB=  
2026-09-22 05:33:50 INFO  (GhidraScript) ConfigureStationMfcAnalysis.java> MFC_OPTION Windows x86 Thread Environment Block (TEB) Analyzer.Windows OS Version=Windows 7  
2026-09-22 05:33:50 INFO  (GhidraScript) ConfigureStationMfcAnalysis.java> MFC_OPTION WindowsPE x86 Propagate External Parameters=false  
2026-09-22 05:33:50 INFO  (GhidraScript) ConfigureStationMfcAnalysis.java> MFC_OPTION WindowsResourceReference=true  
2026-09-22 05:33:50 INFO  (GhidraScript) ConfigureStationMfcAnalysis.java> MFC_OPTION WindowsResourceReference.Create Analysis Bookmarks=true  
2026-09-22 05:33:50 INFO  (GhidraScript) ConfigureStationMfcAnalysis.java> MFC_OPTION x86 Constant Reference Analyzer=true  
2026-09-22 05:33:50 INFO  (GhidraScript) ConfigureStationMfcAnalysis.java> MFC_OPTION x86 Constant Reference Analyzer.Create Data from pointer=false  
2026-09-22 05:33:50 INFO  (GhidraScript) ConfigureStationMfcAnalysis.java> MFC_OPTION x86 Constant Reference Analyzer.Function parameter/return Pointer analysis=true  
2026-09-22 05:33:50 INFO  (GhidraScript) ConfigureStationMfcAnalysis.java> MFC_OPTION x86 Constant Reference Analyzer.Max Threads=2  
2026-09-22 05:33:50 INFO  (GhidraScript) ConfigureStationMfcAnalysis.java> MFC_OPTION x86 Constant Reference Analyzer.Min absolute reference=4  
2026-09-22 05:33:50 INFO  (GhidraScript) ConfigureStationMfcAnalysis.java> MFC_OPTION x86 Constant Reference Analyzer.Require pointer param data type=false  
2026-09-22 05:33:50 INFO  (GhidraScript) ConfigureStationMfcAnalysis.java> MFC_OPTION x86 Constant Reference Analyzer.Speculative reference max=256  
2026-09-22 05:33:50 INFO  (GhidraScript) ConfigureStationMfcAnalysis.java> MFC_OPTION x86 Constant Reference Analyzer.Speculative reference min=1024  
2026-09-22 05:33:50 INFO  (GhidraScript) ConfigureStationMfcAnalysis.java> MFC_OPTION x86 Constant Reference Analyzer.Stored Value Pointer analysis=true  
2026-09-22 05:33:50 INFO  (GhidraScript) ConfigureStationMfcAnalysis.java> MFC_OPTION x86 Constant Reference Analyzer.Trust values read from writable memory=true  
2026-09-22 05:33:50 INFO  (GhidraScript) ConfigureStationMfcAnalysis.java> MFC_MEMORY Headers 180000000-1800003ff initialized=true execute=false  
2026-09-22 05:33:50 INFO  (GhidraScript) ConfigureStationMfcAnalysis.java> MFC_MEMORY .text 180001000-1802cc5ff initialized=true execute=true  
2026-09-22 05:33:50 INFO  (GhidraScript) ConfigureStationMfcAnalysis.java> MFC_MEMORY .rdata 1802cd000-1803dfdff initialized=true execute=false  
2026-09-22 05:33:50 INFO  (GhidraScript) ConfigureStationMfcAnalysis.java> MFC_MEMORY .data 1803e0000-1803f33f7 initialized=true execute=false  
2026-09-22 05:33:50 INFO  (GhidraScript) ConfigureStationMfcAnalysis.java> MFC_MEMORY .pdata 1803f4000-180417fff initialized=true execute=false  
2026-09-22 05:33:50 INFO  (GhidraScript) ConfigureStationMfcAnalysis.java> MFC_MEMORY .didat 180418000-1804185ff initialized=true execute=false  
2026-09-22 05:33:50 INFO  (GhidraScript) ConfigureStationMfcAnalysis.java> MFC_MEMORY .rsrc 180419000-1805727ff initialized=true execute=false  
2026-09-22 05:33:50 INFO  (GhidraScript) ConfigureStationMfcAnalysis.java> MFC_MEMORY .reloc 180573000-180589fff initialized=true execute=false  
2026-09-22 05:33:50 INFO  (GhidraScript) ConfigureStationMfcAnalysis.java> MFC_CONFIG_VERIFIED 0cf26008fae0cb61dfe49e1c3fc17e0dd860be011d9a6a64b452f56335bafbfe  
2026-09-22 05:33:50 INFO  (HeadlessAnalyzer) REPORT: Save succeeded for processed file: /mfc140.dll  
