2026-09-22 05:34:13 INFO  (LoggingInitialization) Using log config file: jar:file:/C:/Users/s_sme/Documents/ghidra_12.1_PUBLIC_20260513/ghidra_12.1_PUBLIC/Ghidra/Framework/Generic/lib/Generic.jar!/generic.log4j.xml  
2026-09-22 05:34:13 INFO  (LoggingInitialization) Using log file: C:\Users\s_sme\Documents\Projects\vision_3d_skips\maps\rev2a_mfc140_analysis.log  
2026-09-22 05:34:14 DEBUG (GhidraObjectInputFilter) Including serial input filter: FileSystem/data/client.rmi.serial.filter  
2026-09-22 05:34:14 INFO  (Preferences) Loading user preferences: C:\Users\s_sme\AppData\Roaming\ghidra\ghidra_12.1_PUBLIC\preferences  
2026-09-22 05:34:14 INFO  (ClassSearcher) Searching for classes...  
2026-09-22 05:34:15 INFO  (ClassSearcher) Class search complete (1190 ms)  
2026-09-22 05:34:15 INFO  (DefaultSSLContextInitializer) Initializing SSL Context  
2026-09-22 05:34:15 INFO  (SecureRandomFactory) Initializing Random Number Generator...  
2026-09-22 05:34:15 INFO  (SecureRandomFactory) Random Number Generator initialization complete: SHA1PRNG  
2026-09-22 05:34:15 INFO  (DefaultTrustManagerFactory) Trust manager disabled, cacerts have not been set  
2026-09-22 05:34:15 INFO  (AnalyzeHeadless) Headless startup complete (2845 ms)  
2026-09-22 05:34:15 INFO  (ClassSearcher) Class searcher loaded 59 extension points (20 false positives)  
2026-09-22 05:34:16 INFO  (HeadlessAnalyzer) HEADLESS Script Paths:
    C:\Users\s_sme\Documents\ghidra_12.1_PUBLIC_20260513\ghidra_12.1_PUBLIC\Ghidra\Features\PyGhidra\ghidra_scripts
    C:\Users\s_sme\Documents\ghidra_12.1_PUBLIC_20260513\ghidra_12.1_PUBLIC\Ghidra\Features\WildcardAssembler\ghidra_scripts
    C:\Users\s_sme\Documents\ghidra_12.1_PUBLIC_20260513\ghidra_12.1_PUBLIC\Ghidra\Features\SwiftDemangler\ghidra_scripts
    C:\Users\s_sme\Documents\ghidra_12.1_PUBLIC_20260513\ghidra_12.1_PUBLIC\Ghidra\Processors\DATA\ghidra_scripts
    C:\Users\s_sme\Documents\ghidra_12.1_PUBLIC_20260513\ghidra_12.1_PUBLIC\Ghidra\Features\GnuDemangler\ghidra_scripts
    C:\Users\s_sme\Documents\ghidra_12.1_PUBLIC_20260513\ghidra_12.1_PUBLIC\Ghidra\Processors\8051\ghidra_scripts
    C:\Users\s_sme\Documents\ghidra_12.1_PUBLIC_20260513\ghidra_12.1_PUBLIC\Ghidra\Processors\Atmel\ghidra_scripts
    C:\Users\s_sme\Documents\ghidra_12.1_PUBLIC_20260513\ghidra_12.1_PUBLIC\Ghidra\Processors\JVM\ghidra_scripts
    C:\Users\s_sme\Documents\ghidra_12.1_PUBLIC_20260513\ghidra_12.1_PUBLIC\Ghidra\Features\BSim\ghidra_scripts
    C:\Users\s_sme\Documents\ghidra_12.1_PUBLIC_20260513\ghidra_12.1_PUBLIC\Ghidra\Features\FunctionID\ghidra_scripts
    C:\Users\s_sme\Documents\ghidra_12.1_PUBLIC_20260513\ghidra_12.1_PUBLIC\Ghidra\Features\SystemEmulation\ghidra_scripts
    C:\Users\s_sme\Documents\ghidra_12.1_PUBLIC_20260513\ghidra_12.1_PUBLIC\Ghidra\Features\MicrosoftCodeAnalyzer\ghidra_scripts
    C:\Users\s_sme\Documents\ghidra_12.1_PUBLIC_20260513\ghidra_12.1_PUBLIC\Ghidra\Features\FileFormats\ghidra_scripts
    C:\Users\s_sme\Documents\ghidra_12.1_PUBLIC_20260513\ghidra_12.1_PUBLIC\Ghidra\Debug\Debugger\ghidra_scripts
    C:\Users\s_sme\Documents\ghidra_12.1_PUBLIC_20260513\ghidra_12.1_PUBLIC\Ghidra\Features\PDB\ghidra_scripts
    C:\Users\s_sme\Documents\ghidra_12.1_PUBLIC_20260513\ghidra_12.1_PUBLIC\Ghidra\Features\DecompilerDependent\ghidra_scripts
    C:\Users\s_sme\Documents\ghidra_12.1_PUBLIC_20260513\ghidra_12.1_PUBLIC\Ghidra\Features\VersionTracking\ghidra_scripts
    C:\Users\s_sme\Documents\ghidra_12.1_PUBLIC_20260513\ghidra_12.1_PUBLIC\Ghidra\Debug\Debugger-rmi-trace\ghidra_scripts
    C:\Users\s_sme\Documents\ghidra_12.1_PUBLIC_20260513\ghidra_12.1_PUBLIC\Ghidra\Features\Decompiler\ghidra_scripts
    C:\Users\s_sme\Documents\ghidra_12.1_PUBLIC_20260513\ghidra_12.1_PUBLIC\Ghidra\Features\Base\ghidra_scripts
    C:\Users\s_sme\Documents\ghidra_12.1_PUBLIC_20260513\ghidra_12.1_PUBLIC\Ghidra\Features\BytePatterns\ghidra_scripts
    C:\Users\s_sme\Documents\ghidra_12.1_PUBLIC_20260513\ghidra_12.1_PUBLIC\Ghidra\Processors\PIC\ghidra_scripts  
2026-09-22 05:34:16 INFO  (HeadlessAnalyzer) HEADLESS: execution starts  
2026-09-22 05:34:16 INFO  (HeadlessAnalyzer) Opening existing project: C:\Users\s_sme\Documents\Projects\vision_3d_skips\v3d_files_uncomp\MFC140_STATION  
2026-09-22 05:34:16 INFO  (HeadlessProject) Opening project: C:\Users\s_sme\Documents\Projects\vision_3d_skips\v3d_files_uncomp\MFC140_STATION  
2026-09-22 05:34:18 INFO  (HeadlessAnalyzer) REPORT: Processing project file: /mfc140.dll  
2026-09-22 05:34:18 INFO  (HeadlessAnalyzer) ANALYZING all memory and code: /mfc140.dll  
2026-09-22 05:34:18 WARN  (NoReturnFunctionAnalyzer) Ignoring leading '_' chars on no-return name '___raise_securityfailure' specified in file: C:\Users\s_sme\Documents\ghidra_12.1_PUBLIC_20260513\ghidra_12.1_PUBLIC\Ghidra\Features\Base\data\PEFunctionsThatDoNotReturn  
2026-09-22 05:34:18 WARN  (NoReturnFunctionAnalyzer) Ignoring leading '_' chars on no-return name '___report_rangecheckfailure' specified in file: C:\Users\s_sme\Documents\ghidra_12.1_PUBLIC_20260513\ghidra_12.1_PUBLIC\Ghidra\Features\Base\data\PEFunctionsThatDoNotReturn  
2026-09-22 05:34:18 INFO  (PackedDatabaseCache) Packed database cache: C:\Users\s_sme\AppData\Local\ghidra\packed-db-cache  
2026-09-22 05:34:18 DEBUG (PackedDatabaseCache) Using cached packed database: C:\Users\s_sme\Documents\ghidra_12.1_PUBLIC_20260513\ghidra_12.1_PUBLIC\Ghidra\Features\Base\data\typeinfo\win32\windows_vs12_64.gdt  
2026-09-22 05:34:45 INFO  (DecompilerSwitchAnalyzer) hit non-returning function, restarting decompiler switch analyzer later  
2026-09-22 05:35:12 INFO  (TypeDescriptorModel) Unprocessed TypeDescriptor: void * __ptr64  
2026-09-22 05:35:12 INFO  (TypeDescriptorModel) Unprocessed TypeDescriptor: void * __ptr64  
2026-09-22 05:35:23 INFO  (TypeDescriptorModel) Unprocessed TypeDescriptor: void * __ptr64  
2026-09-22 05:35:23 INFO  (TypeDescriptorModel) Unprocessed TypeDescriptor: void * __ptr64  
2026-09-22 05:35:29 INFO  (ApplyDataArchiveAnalyzer) Applied data type archive: windows_vs12_64  
2026-09-22 05:35:29 INFO  (ApplyDataArchiveAnalyzer) Applied data type archive: windows_vs12_64  
2026-09-22 05:36:49 INFO  (AutoAnalysisManager) -----------------------------------------------------
    ASCII Strings                              0.627 secs
    Apply Data Archives                        0.498 secs
    Call Convention ID                         0.108 secs
    Call-Fixup Installer                       0.100 secs
    Create Address Tables                      0.786 secs
    Create Address Tables - One Time           1.629 secs
    Create Function                            0.072 secs
    Data Reference                             1.502 secs
    Decompiler Switch Analysis                 1.082 secs
    Decompiler Switch Analysis - One Time      1.819 secs
    Demangler Microsoft                        0.193 secs
    Disassemble                                0.003 secs
    Disassemble Entry Points                  13.423 secs
    Embedded Media                             0.082 secs
    External Entry References                  0.158 secs
    Function Start Search                      0.134 secs
    Non-Returning Functions - Discovered       5.180 secs
    Non-Returning Functions - Known            0.101 secs
    Reference                                  1.111 secs
    Scalar Operand References                  4.014 secs
    Shared Return Calls                        1.107 secs
    Stack                                     24.748 secs
    Subroutine References                      0.764 secs
    Subroutine References - One Time           0.153 secs
    Windows x86 PE Exception Handling          5.353 secs
    Windows x86 PE RTTI Analyzer              13.336 secs
    Windows x86 Thread Environment Block (TEB) Analyzer     0.024 secs
    WindowsResourceReference                  51.912 secs
    x86 Constant Reference Analyzer           21.198 secs
-----------------------------------------------------
     Total Time   151 secs
-----------------------------------------------------
  
2026-09-22 05:36:49 INFO  (HeadlessAnalyzer) REPORT: Analysis succeeded for file: /mfc140.dll  
2026-09-22 05:36:50 INFO  (HeadlessAnalyzer) REPORT: Save succeeded for processed file: /mfc140.dll  
